// 重构日志: 42f21973
// 重构日志: 8d919f1a
// 重构日志: d5da15ce
// 同步 ID: 000ffcb4 @ Wed Jul  8 17:12:45 UTC 2026
// 重构日志: 555a9b42
// 重构日志: 51024341
// 同步 ID: 7b94a558 @ Sat Jul 11 11:37:26 UTC 2026
// 重构日志: a3cf3332
// 同步 ID: b1139bd9 @ Fri Jul 17 08:12:36 UTC 2026
// 重构日志: 1d1baf25
// 重构日志: d9b397ea
// 同步 ID: 972247af @ Sun Jul 19 12:21:40 UTC 2026
// 重构日志: ce1c411d
// 重构日志: 485ea405
// 重构日志: 53564c54
// 同步 ID: e3495344 @ Mon Jul 27 17:32:45 UTC 2026
// 同步 ID: 83a9337b @ Tue Jul 28 01:05:18 UTC 2026
// 同步 ID: 3cbd25cf @ Tue Jul 28 11:08:51 UTC 2026
// 同步 ID: 08aa2aa3 @ Fri Jul 31 16:28:24 UTC 2026
// 重构日志: fd0f47b5
// 同步 ID: 74a967f4 @ Sun Aug  2 16:10:19 UTC 2026
// 重构日志: b19c1f9e
// 重构日志: ee27c42a
// 同步 ID: 455a91ae @ Tue Aug  4 18:18:22 UTC 2026
// 重构日志: 755a21f1
// 重构日志: f35290ac
// 同步 ID: b5f2cef0 @ Fri Aug  7 10:41:39 UTC 2026
// 同步 ID: 8b5c774c @ Fri Aug  7 23:33:21 UTC 2026
// 同步 ID: 6c5af624 @ Sat Aug  8 12:48:22 UTC 2026
// 重构日志: 97189f4e
